../Core/Src/main.c:90:12:Read_AS5600	40	static
../Core/Src/main.c:105:9:GetTrueJointAngle	24	static
../Core/Src/main.c:114:6:Update_Motor_Drive	32	static
../Core/Src/main.c:132:6:HAL_TIM_PeriodElapsedCallback	24	static
../Core/Src/main.c:140:6:Parse_CLI_Command	16	static
../Core/Src/main.c:155:6:HAL_UART_RxCpltCallback	16	static
../Core/Src/main.c:177:5:main	120	static
../Core/Src/main.c:245:6:SystemClock_Config	88	static
../Core/Src/main.c:291:13:MX_I2C1_Init	8	static
../Core/Src/main.c:325:13:MX_I2S3_Init	8	static
../Core/Src/main.c:359:13:MX_SPI1_Init	8	static
../Core/Src/main.c:397:13:MX_TIM1_Init	96	static
../Core/Src/main.c:472:13:MX_USART2_UART_Init	8	static
../Core/Src/main.c:505:13:MX_GPIO_Init	56	static
../Core/Src/main.c:606:6:Error_Handler	4	static,ignoring_inline_asm
